
Memory Configuration

Name             Origin             Length             Attributes
RAMX             0x0000000008134100 0x000000000000bf00 xr
*default*        0x0000000000000000 0xffffffffffffffff

Linker script and memory map


.text           0x0000000008134100      0x20c
 build/crt0.o(.init)
 .init          0x0000000008134100        0x4 build/crt0.o
 *(.text)
 .text          0x0000000008134104        0x0 build/crt0.o
 .text          0x0000000008134104       0x34 build/utils.o
                0x0000000008134104                m_memcpy
                0x0000000008134120                m_memset
 .text          0x0000000008134138      0x1d4 build/main.o
                0x0000000008134154                _main

.glue_7         0x000000000813430c        0x0
 .glue_7        0x000000000813430c        0x0 linker stubs

.glue_7t        0x000000000813430c        0x0
 .glue_7t       0x000000000813430c        0x0 linker stubs

.vfp11_veneer   0x000000000813430c        0x0
 .vfp11_veneer  0x000000000813430c        0x0 linker stubs

.v4_bx          0x000000000813430c        0x0
 .v4_bx         0x000000000813430c        0x0 linker stubs

.iplt           0x000000000813430c        0x0
 .iplt          0x000000000813430c        0x0 build/crt0.o

.rodata         0x000000000813430c      0x174
 *(.rodata*)
 .rodata        0x000000000813430c      0x174 build/main.o
LOAD build/utils.o
LOAD build/main.o
OUTPUT(arm_kernel.elf elf32-bigarm)

.rel.dyn        0x0000000008134480        0x0
 .rel.iplt      0x0000000008134480        0x0 build/crt0.o

.data           0x0000000000000000        0x0
 .data          0x0000000000000000        0x0 build/crt0.o
 .data          0x0000000000000000        0x0 build/utils.o
 .data          0x0000000000000000        0x0 build/main.o

.igot.plt       0x0000000000000000        0x0
 .igot.plt      0x0000000000000000        0x0 build/crt0.o

.bss            0x0000000000000000        0x0
 .bss           0x0000000000000000        0x0 build/crt0.o
 .bss           0x0000000000000000        0x0 build/utils.o
 .bss           0x0000000000000000        0x0 build/main.o

.ARM.attributes
                0x0000000000000000       0x28
 .ARM.attributes
                0x0000000000000000       0x1c build/crt0.o
 .ARM.attributes
                0x000000000000001c       0x2c build/utils.o
 .ARM.attributes
                0x0000000000000048       0x2c build/main.o

.comment        0x0000000000000000       0x22
 .comment       0x0000000000000000       0x22 build/utils.o
                                         0x23 (size before relaxing)
 .comment       0x0000000000000022       0x23 build/main.o
